// Jest Snapshot v1, https://goo.gl/fbAQLP

exports[`[Component] Button should render correctly [snapshot] 1`] = `
<button
  data-testid="btn123"
  id="grosa"
>
  click me
</button>
`;
