// Jest Snapshot v1, https://goo.gl/fbAQLP

exports[`[Component] Counter Final should render correctly [snapshot] 1`] = `
.c1 {
  display: -webkit-box;
  display: -webkit-flex;
  display: -ms-flexbox;
  display: flex;
  -webkit-align-items: center;
  -webkit-box-align: center;
  -ms-flex-align: center;
  align-items: center;
  -webkit-box-pack: center;
  -webkit-justify-content: center;
  -ms-flex-pack: center;
  justify-content: center;
  background: #0aa;
  font-weight: bold;
  color: #fff;
  border: 0;
  border-radius: 4px;
  font-size: 16px;
  padding: 10px;
}

.c0 {
  margin-top: 20px;
  border: 2px dashed blue;
  padding: 20px;
  display: -webkit-box;
  display: -webkit-flex;
  display: -ms-flexbox;
  display: flex;
  -webkit-box-pack: center;
  -webkit-justify-content: center;
  -ms-flex-pack: center;
  justify-content: center;
  -webkit-align-items: center;
  -webkit-box-align: center;
  -ms-flex-align: center;
  align-items: center;
  -webkit-flex-direction: column;
  -ms-flex-direction: column;
  flex-direction: column;
}

<div
  class="c0"
  data-testid="counter"
>
  <p>
    Voce clicou 
    <span
      data-testid="count"
    >
      0
    </span>
     vezes
  </p>
  <button
    class="c1"
    data-testid="button"
    id="plus"
  >
    Clique aqui
  </button>
</div>
`;
